Component: ARM Compiler 5.06 update 6 (build 750) Tool: armlink [4d35ed]

==============================================================================

Section Cross References

    lab1-addressing-modes.o(RESET) refers to lab1-addressing-modes.o(globals) for ARRAY


==============================================================================

Image Symbol Table

    Local Symbols

    Symbol Name                              Value     Ov Type        Size  Object(Section)

    RESET                                    0x00000000   Section       76  lab1-addressing-modes.o(RESET)
    lab1-addressing-modes.s                  0x00000000   Number         0  lab1-addressing-modes.o ABSOLUTE
    globals                                  0x40000000   Section       40  lab1-addressing-modes.o(globals)
    ARRAY                                    0x40000000   Data          40  lab1-addressing-modes.o(globals)

    Global Symbols

    Symbol Name                              Value     Ov Type        Size  Object(Section)

    BuildAttributes$$THM_ISAv1$ARM_ISAv4$S$PE$A:L22$X:L11$S22$IEEE1$IW$USESV6$~STKCKD$USESV7$~SHL$OSPACE$EBA8$STANDARDLIB$PRES8$EABIv2 0x00000000   Number         0  anon$$obj.o ABSOLUTE



==============================================================================

Memory Map of the image

  Image Entry point : 0x00000000

  Load Region LR_IROM1 (Base: 0x00000000, Size: 0x00000074, Max: 0x00080000, ABSOLUTE)

    Execution Region ER_IROM1 (Exec base: 0x00000000, Load base: 0x00000000, Size: 0x0000004c, Max: 0x00080000, ABSOLUTE)

    Exec Addr    Load Addr    Size         Type   Attr      Idx    E Section Name        Object

    0x00000000   0x00000000   0x0000004c   Code   RO            2  * RESET               lab1-addressing-modes.o


    Execution Region RW_IRAM1 (Exec base: 0x40000000, Load base: 0x0000004c, Size: 0x00000028, Max: 0x00010000, ABSOLUTE, UNINIT)

    Exec Addr    Load Addr    Size         Type   Attr      Idx    E Section Name        Object

    0x40000000   0x0000004c   0x00000028   Data   RW            1    globals             lab1-addressing-modes.o


==============================================================================

Image component sizes


      Code (inc. data)   RO Data    RW Data    ZI Data      Debug   Object Name

        76          4          0         40          0        312   lab1-addressing-modes.o

    ----------------------------------------------------------------------
        76          4          0         40          0        312   Object Totals
         0          0          0          0          0          0   (incl. Generated)
         0          0          0          0          0          0   (incl. Padding)

    ----------------------------------------------------------------------
         0          0          0          0          0          0   Library Totals
         0          0          0          0          0          0   (incl. Padding)

    ----------------------------------------------------------------------

==============================================================================


      Code (inc. data)   RO Data    RW Data    ZI Data      Debug   

        76          4          0         40          0        312   Grand Totals
        76          4          0         40          0        312   ELF Image Totals
        76          4          0         40          0          0   ROM Totals

==============================================================================

    Total RO  Size (Code + RO Data)                   76 (   0.07kB)
    Total RW  Size (RW Data + ZI Data)                40 (   0.04kB)
    Total ROM Size (Code + RO Data + RW Data)        116 (   0.11kB)

==============================================================================

